// Jest Snapshot v1, https://goo.gl/fbAQLP

exports[`render Card component 1`] = `ShallowWrapper {}`;
