// Jest Snapshot v1, https://goo.gl/fbAQLP

exports[`render CardList component 1`] = `ShallowWrapper {}`;
